// Jest Snapshot v1, https://goo.gl/fbAQLP

exports[`FixtureSizes basic 1`] = `
{
  "boardHeight": 600,
  "boardWidth": 800,
  "cardHeight": 85,
  "cardWidth": 58.537,
  "deck": {
    "left": 78.049,
    "top": 498,
  },
  "home": {
    "cellLeft": [
      78.049,
      146.341,
      214.634,
      282.927,
    ],
    "foundationLeft": [
      458.537,
      526.829,
      595.122,
      663.415,
    ],
    "top": 17,
  },
  "tableau": {
    "cascadeLeft": [
      107.317,
      182.578,
      257.84,
      333.101,
      408.362,
      483.624,
      558.885,
      634.146,
    ],
    "offsetTop": 25.5,
    "top": 127.5,
  },
}
`;
