// Jest Snapshot v1, https://goo.gl/fbAQLP

exports[`CardImage first 1`] = `
<img
  alt="5 of hearts"
  data-nimg="1"
  decoding="async"
  draggable="false"
  fetchpriority="high"
  height="303"
  src="/i/SVG-cards-1.3/5_of_hearts.svg"
  style="color: transparent;"
  width="208"
/>
`;
