// Jest Snapshot v1, https://goo.gl/fbAQLP

exports[`SVGCards13 getFilename 1`] = `
[
  "ace of clubs → ace_of_clubs.svg",
  "2 of clubs → 2_of_clubs.svg",
  "3 of clubs → 3_of_clubs.svg",
  "4 of clubs → 4_of_clubs.svg",
  "5 of clubs → 5_of_clubs.svg",
  "6 of clubs → 6_of_clubs.svg",
  "7 of clubs → 7_of_clubs.svg",
  "8 of clubs → 8_of_clubs.svg",
  "9 of clubs → 9_of_clubs.svg",
  "10 of clubs → 10_of_clubs.svg",
  "jack of clubs → jack_of_clubs2.svg",
  "queen of clubs → queen_of_clubs2.svg",
  "king of clubs → king_of_clubs2.svg",
  "ace of diamonds → ace_of_diamonds.svg",
  "2 of diamonds → 2_of_diamonds.svg",
  "3 of diamonds → 3_of_diamonds.svg",
  "4 of diamonds → 4_of_diamonds.svg",
  "5 of diamonds → 5_of_diamonds.svg",
  "6 of diamonds → 6_of_diamonds.svg",
  "7 of diamonds → 7_of_diamonds.svg",
  "8 of diamonds → 8_of_diamonds.svg",
  "9 of diamonds → 9_of_diamonds.svg",
  "10 of diamonds → 10_of_diamonds.svg",
  "jack of diamonds → jack_of_diamonds2.svg",
  "queen of diamonds → queen_of_diamonds2.svg",
  "king of diamonds → king_of_diamonds2.svg",
  "ace of hearts → ace_of_hearts.svg",
  "2 of hearts → 2_of_hearts.svg",
  "3 of hearts → 3_of_hearts.svg",
  "4 of hearts → 4_of_hearts.svg",
  "5 of hearts → 5_of_hearts.svg",
  "6 of hearts → 6_of_hearts.svg",
  "7 of hearts → 7_of_hearts.svg",
  "8 of hearts → 8_of_hearts.svg",
  "9 of hearts → 9_of_hearts.svg",
  "10 of hearts → 10_of_hearts.svg",
  "jack of hearts → jack_of_hearts2.svg",
  "queen of hearts → queen_of_hearts2.svg",
  "king of hearts → king_of_hearts2.svg",
  "ace of spades → ace_of_spades.svg",
  "2 of spades → 2_of_spades.svg",
  "3 of spades → 3_of_spades.svg",
  "4 of spades → 4_of_spades.svg",
  "5 of spades → 5_of_spades.svg",
  "6 of spades → 6_of_spades.svg",
  "7 of spades → 7_of_spades.svg",
  "8 of spades → 8_of_spades.svg",
  "9 of spades → 9_of_spades.svg",
  "10 of spades → 10_of_spades.svg",
  "jack of spades → jack_of_spades2.svg",
  "queen of spades → queen_of_spades2.svg",
  "king of spades → king_of_spades2.svg",
  "joker of clubs → black_joker.svg",
  "joker of diamonds → red_joker.svg",
  "joker of hearts → red_joker.svg",
  "joker of spades → black_joker.svg",
]
`;
