// Jest Snapshot v1, https://goo.gl/fbAQLP

exports[`animDragSequence fn - c 1`] = `
[
  0,
  0.03509775004326936,
  0.06,
  0.07931568569324174,
  0.09509775004326937,
  0.10844129532345625,
  0.12,
  0.1301955000865387,
  0.13931568569324174,
  0.14756589711823784,
  0.15509775004326937,
  0.16202638308846554,
  0.16844129532345625,
]
`;
