// Jest Snapshot v1, https://goo.gl/fbAQLP

exports[`useCardPositionAnimations game (each PreviousActionType) init undefined -> init 1`] = `
[
  [
    "#cAC",
    {
      "left": 14.035,
      "top": 441.4,
      "zIndex": 0,
    },
  ],
  [
    "#cAD",
    {
      "left": 14.035,
      "top": 441.4,
      "zIndex": 1,
    },
  ],
  [
    "#cAH",
    {
      "left": 14.035,
      "top": 441.4,
      "zIndex": 2,
    },
  ],
  [
    "#cAS",
    {
      "left": 14.035,
      "top": 441.4,
      "zIndex": 3,
    },
  ],
  [
    "#c2C",
    {
      "left": 14.035,
      "top": 441.4,
      "zIndex": 4,
    },
  ],
  [
    "#c2D",
    {
      "left": 14.035,
      "top": 441.4,
      "zIndex": 5,
    },
  ],
  [
    "#c2H",
    {
      "left": 14.035,
      "top": 441.4,
      "zIndex": 6,
    },
  ],
  [
    "#c2S",
    {
      "left": 14.035,
      "top": 441.4,
      "zIndex": 7,
    },
  ],
  [
    "#c3C",
    {
      "left": 14.035,
      "top": 441.4,
      "zIndex": 8,
    },
  ],
  [
    "#c3D",
    {
      "left": 14.035,
      "top": 441.4,
      "zIndex": 9,
    },
  ],
  [
    "#c3H",
    {
      "left": 14.035,
      "top": 441.4,
      "zIndex": 10,
    },
  ],
  [
    "#c3S",
    {
      "left": 14.035,
      "top": 441.4,
      "zIndex": 11,
    },
  ],
  [
    "#c4C",
    {
      "left": 14.035,
      "top": 441.4,
      "zIndex": 12,
    },
  ],
  [
    "#c4D",
    {
      "left": 14.035,
      "top": 441.4,
      "zIndex": 13,
    },
  ],
  [
    "#c4H",
    {
      "left": 14.035,
      "top": 441.4,
      "zIndex": 14,
    },
  ],
  [
    "#c4S",
    {
      "left": 14.035,
      "top": 441.4,
      "zIndex": 15,
    },
  ],
  [
    "#c5C",
    {
      "left": 14.035,
      "top": 441.4,
      "zIndex": 16,
    },
  ],
  [
    "#c5D",
    {
      "left": 14.035,
      "top": 441.4,
      "zIndex": 17,
    },
  ],
  [
    "#c5H",
    {
      "left": 14.035,
      "top": 441.4,
      "zIndex": 18,
    },
  ],
  [
    "#c5S",
    {
      "left": 14.035,
      "top": 441.4,
      "zIndex": 19,
    },
  ],
  [
    "#c6C",
    {
      "left": 14.035,
      "top": 441.4,
      "zIndex": 20,
    },
  ],
  [
    "#c6D",
    {
      "left": 14.035,
      "top": 441.4,
      "zIndex": 21,
    },
  ],
  [
    "#c6H",
    {
      "left": 14.035,
      "top": 441.4,
      "zIndex": 22,
    },
  ],
  [
    "#c6S",
    {
      "left": 14.035,
      "top": 441.4,
      "zIndex": 23,
    },
  ],
  [
    "#c7C",
    {
      "left": 14.035,
      "top": 441.4,
      "zIndex": 24,
    },
  ],
  [
    "#c7D",
    {
      "left": 14.035,
      "top": 441.4,
      "zIndex": 25,
    },
  ],
  [
    "#c7H",
    {
      "left": 14.035,
      "top": 441.4,
      "zIndex": 26,
    },
  ],
  [
    "#c7S",
    {
      "left": 14.035,
      "top": 441.4,
      "zIndex": 27,
    },
  ],
  [
    "#c8C",
    {
      "left": 14.035,
      "top": 441.4,
      "zIndex": 28,
    },
  ],
  [
    "#c8D",
    {
      "left": 14.035,
      "top": 441.4,
      "zIndex": 29,
    },
  ],
  [
    "#c8H",
    {
      "left": 14.035,
      "top": 441.4,
      "zIndex": 30,
    },
  ],
  [
    "#c8S",
    {
      "left": 14.035,
      "top": 441.4,
      "zIndex": 31,
    },
  ],
  [
    "#c9C",
    {
      "left": 14.035,
      "top": 441.4,
      "zIndex": 32,
    },
  ],
  [
    "#c9D",
    {
      "left": 14.035,
      "top": 441.4,
      "zIndex": 33,
    },
  ],
  [
    "#c9H",
    {
      "left": 14.035,
      "top": 441.4,
      "zIndex": 34,
    },
  ],
  [
    "#c9S",
    {
      "left": 14.035,
      "top": 441.4,
      "zIndex": 35,
    },
  ],
  [
    "#cTC",
    {
      "left": 14.035,
      "top": 441.4,
      "zIndex": 36,
    },
  ],
  [
    "#cTD",
    {
      "left": 14.035,
      "top": 441.4,
      "zIndex": 37,
    },
  ],
  [
    "#cTH",
    {
      "left": 14.035,
      "top": 441.4,
      "zIndex": 38,
    },
  ],
  [
    "#cTS",
    {
      "left": 14.035,
      "top": 441.4,
      "zIndex": 39,
    },
  ],
  [
    "#cJC",
    {
      "left": 14.035,
      "top": 441.4,
      "zIndex": 40,
    },
  ],
  [
    "#cJD",
    {
      "left": 14.035,
      "top": 441.4,
      "zIndex": 41,
    },
  ],
  [
    "#cJH",
    {
      "left": 14.035,
      "top": 441.4,
      "zIndex": 42,
    },
  ],
  [
    "#cJS",
    {
      "left": 14.035,
      "top": 441.4,
      "zIndex": 43,
    },
  ],
  [
    "#cQC",
    {
      "left": 14.035,
      "top": 441.4,
      "zIndex": 44,
    },
  ],
  [
    "#cQD",
    {
      "left": 14.035,
      "top": 441.4,
      "zIndex": 45,
    },
  ],
  [
    "#cQH",
    {
      "left": 14.035,
      "top": 441.4,
      "zIndex": 46,
    },
  ],
  [
    "#cQS",
    {
      "left": 14.035,
      "top": 441.4,
      "zIndex": 47,
    },
  ],
  [
    "#cKC",
    {
      "left": 14.035,
      "top": 441.4,
      "zIndex": 48,
    },
  ],
  [
    "#cKD",
    {
      "left": 14.035,
      "top": 441.4,
      "zIndex": 49,
    },
  ],
  [
    "#cKH",
    {
      "left": 14.035,
      "top": 441.4,
      "zIndex": 50,
    },
  ],
  [
    "#cKS",
    {
      "left": 14.035,
      "top": 441.4,
      "zIndex": 51,
    },
  ],
]
`;
